2025-02-10T13:35:45 | touched: .env.example
2025-12-02T11:03:31 | touched: scripts/api-server.js
2026-01-08T02:50:21 | touched: README.md
2025-10-13T11:29:53 | touched: scripts/interact.js
2026-01-09T09:26:34 | touched: scripts/deploy.js
2025-04-13T08:22:47 | touched: .env.example
2025-03-14T06:55:52 | touched: LICENSE
2025-11-30T17:52:28 | touched: scripts/cli.js
2025-04-05T13:42:34 | touched: scripts/frontend-integration.js
2025-11-30T14:18:31 | touched: README.md
2025-11-12T12:16:45 | touched: package.json
2025-05-07T16:35:29 | touched: hardhat.config.js
2025-10-15T17:49:04 | touched: README.md
2025-09-15T08:02:25 | touched: hardhat.config.js
2025-04-02T16:26:31 | touched: scripts/frontend-integration.js
2025-06-24T09:49:04 | touched: scripts/cli.js
2025-10-22T17:05:05 | touched: .env.example
2025-05-10T22:01:39 | touched: scripts/frontend-integration.js
2025-03-16T23:37:31 | touched: test/Rustsmart.test.js
2025-02-27T20:09:37 | touched: .env.example
2025-07-16T13:50:43 | touched: .env.example
2025-01-02T03:54:33 | touched: LICENSE
2025-09-18T16:21:42 | touched: scripts/frontend-integration.js
2025-03-01T08:24:19 | touched: scripts/deploy.js
2025-03-10T00:24:02 | touched: test/Rustsmart.test.js
2025-09-23T15:23:33 | touched: scripts/interact.js
2025-11-27T18:15:55 | touched: README.md
2025-08-26T05:12:48 | touched: .env.example
2025-02-05T04:05:42 | touched: scripts/frontend-integration.js
2025-10-01T10:51:22 | touched: scripts/api-server.js
2025-10-21T18:55:00 | touched: .env.example
2025-11-14T11:18:05 | touched: LICENSE
2025-09-28T00:12:31 | touched: scripts/deploy.js
2025-09-30T19:18:24 | touched: package.json
2025-03-19T09:56:57 | touched: contracts/Rustsmart.sol
